# @generated
# To regenerate, run:
# ```
# STARLARK_RUST_REGENERATE_GOLDEN_TESTS=1 cargo test -p starlark --lib
# ```

Code:
def actually_an_integer(f) -> int:
    return 42

@actually_an_integer
def fn(x: str) -> bool:
    return True

No errors.

Types:
fn: int

Compiler typechecker (eval):
No errors.
