# @generated
# To regenerate, run:
# ```
# STARLARK_RUST_REGENERATE_GOLDEN_TESTS=1 cargo test -p starlark --lib
# ```

Code:
def identity(f):
    return f

@identity
def fn(x: int) -> str:
    return str(x)

def fn_should_still_be_callable():
    fn(23)

No errors.

Types:
fn: typing.Any

Compiler typechecker (eval):
No errors.
